RQ-A, queued arm: 20 rounds plus one positive control, queue 64 deep
  the publisher returns before the acknowledgement, so close() has something to flush
  certificates already in /home/youndie/.cache/kafkakn/tls, and the broker's is valid for another day - kept
  broker answers on 127.0.0.1:9092
  broker answers over TLS on 127.0.0.1:9094
selftest: the broker check fails against a dead port, as it must
building the publisher (release, so a deadline that is exceeded is not a debug binary's fault)
  781eabee9293b89a 19589384 bytes
  resolved: kafkakn-core-linuxx64-0.1.0-SNAPSHOT-cinterop-rdkafka.klib
  resolved: kafkakn-core-linuxx64-0.1.0-SNAPSHOT.klib
round-01   rows=1105   records=1105   missing=0     producer=0     outbox=0     extra=0    refused=0    stop=2.26s   exit=0 ok drain=13.800558ms release=702.429us
round-02   rows=525    records=525    missing=0     producer=0     outbox=0     extra=0    refused=0    stop=2.27s   exit=0 ok drain=25.200182ms release=671.526us
round-03   rows=525    records=525    missing=0     producer=0     outbox=0     extra=0    refused=0    stop=2.26s   exit=0 ok drain=15.957979ms release=541.983us
round-04   rows=1248   records=1248   missing=0     producer=0     outbox=0     extra=0    refused=0    stop=2.26s   exit=0 ok drain=14.631385ms release=674.95us
round-05   rows=617    records=617    missing=0     producer=0     outbox=0     extra=0    refused=0    stop=2.26s   exit=0 ok drain=40.285991ms release=967.817us
round-06   rows=1266   records=1266   missing=0     producer=0     outbox=0     extra=0    refused=0    stop=2.26s   exit=0 ok drain=11.949840ms release=610.224us
round-07   rows=632    records=632    missing=0     producer=0     outbox=0     extra=0    refused=0    stop=2.26s   exit=0 ok drain=19.219432ms release=560.807us
round-08   rows=820    records=820    missing=0     producer=0     outbox=0     extra=0    refused=0    stop=2.26s   exit=0 ok drain=19.921320ms release=573.027us
round-09   rows=566    records=566    missing=0     producer=0     outbox=0     extra=0    refused=0    stop=2.26s   exit=0 ok drain=15.012062ms release=504.845us
round-10   rows=1065   records=1065   missing=0     producer=0     outbox=0     extra=0    refused=0    stop=2.26s   exit=0 ok drain=21.102364ms release=593.12us
round-11   rows=1040   records=1040   missing=0     producer=0     outbox=0     extra=0    refused=0    stop=2.26s   exit=0 ok drain=24.045628ms release=538.899us
round-12   rows=580    records=580    missing=0     producer=0     outbox=0     extra=0    refused=0    stop=2.26s   exit=0 ok drain=14.104153ms release=626.626us
round-13   rows=1102   records=1102   missing=0     producer=0     outbox=0     extra=0    refused=0    stop=2.26s   exit=0 ok drain=15.281500ms release=486.864us
round-14   rows=803    records=803    missing=0     producer=0     outbox=0     extra=0    refused=0    stop=2.26s   exit=0 ok drain=26.051115ms release=584.035us
round-15   rows=1018   records=1018   missing=0     producer=0     outbox=0     extra=0    refused=0    stop=2.26s   exit=0 ok drain=23.798936ms release=518.4us
round-16   rows=983    records=983    missing=0     producer=0     outbox=0     extra=0    refused=0    stop=2.26s   exit=0 ok drain=18.450292ms release=586.998us
round-17   rows=766    records=766    missing=0     producer=0     outbox=0     extra=0    refused=0    stop=2.26s   exit=0 ok drain=25.773300ms release=626.9us
round-18   rows=697    records=697    missing=0     producer=0     outbox=0     extra=0    refused=0    stop=2.26s   exit=0 ok drain=17.570838ms release=557.158us
round-19   rows=1135   records=1135   missing=0     producer=0     outbox=0     extra=0    refused=0    stop=2.26s   exit=0 ok drain=16.044521ms release=509.193us
round-20   rows=1151   records=1151   missing=0     producer=0     outbox=0     extra=0    refused=0    stop=2.26s   exit=0 ok drain=16.867466ms release=845.172us
control    rows=1259   records=1130   missing=129   producer=1     outbox=127   extra=0    refused=1    stop=15.07s  exit=0 EXCEEDED drain=10.000168866s release=3.000237637s

SUMMARY
  asked of the producer, missing, and nothing said about it - the ordinary rounds: 0
  accepted but never asked of the producer - an OUTBOX question, not this library's: 0
  the positive control saw missing: 129  (a control that saw nothing invalidates the rounds above)
