=== environment ===
2026-09-25T01:03:53+02:00
  topic kafkakn-b34-1790291033, fresh - the one both arms try to create a second time

=== broker ===
  certificates already in /home/youndie/.cache/kafkakn/tls, and the broker's is valid for another day - kept
  broker answers on 127.0.0.1:9092
  broker answers over TLS on 127.0.0.1:9094
Topic: kafkakn-b34-1790291033	TopicId: LbHx2_O2Qz-CIIniIqmolw	PartitionCount: 3	ReplicationFactor: 1	Configs: min.insync.replicas=1
  the broker says: kafkakn-metadata 0:1:1:1;1:1:1:1;2:1:1:1;3:1:1:1;4:1:1:1;5:1:1:1;6:1:1:1; cluster 5L6g3nShT-eMCtK--X86sw

=== both arms, one test task per invocation, rerun every time ===
  jvmTest        exit=0
  linuxX64Test   exit=0

=== what each arm did, as the broker's own tools see it ===
  jvm       created  PartitionCount: 5	ReplicationFactor: 1
  jvm                cleanup.policy=compact cleanup.policy=compact cleanup.policy=delete retention.ms=123456789 retention.ms=123456789
  jvm       deleted  kafkakn-admin-deleted-jvm-57ihkrahb is not listed
  jvm       describe agrees
  jvm       cluster  5L6g3nShT-eMCtK--X86sw, nodes 1@127.0.0.1:9092, controller 1
  linuxX64  created  PartitionCount: 5	ReplicationFactor: 1
  linuxX64           cleanup.policy=compact cleanup.policy=compact cleanup.policy=delete retention.ms=123456789 retention.ms=123456789
  linuxX64  deleted  kafkakn-admin-deleted-linuxX64-17902910637o0f is not listed
  linuxX64  describe agrees
  linuxX64  cluster  5L6g3nShT-eMCtK--X86sw, nodes 1@127.0.0.1:9092, controller 1

=== recorded, not compared ===
  jvm       exists:  TopicExistsException: createTopics: Topic 'kafkakn-b34-1790291033' already exists. <- TopicExistsException: Topic 'kafkakn-b34-1790291033' already exists. <- TopicExistsException: Topic 'kafkakn-b34-1790291033' already exists.
  jvm       nowhere: 5016 ms, TimeoutException: Timed out waiting for a node assignment. Call: listNodes
  linuxX64  exists:  TopicExistsException: createTopics: kafkakn-b34-1790291033: Topic 'kafkakn-b34-1790291033' already exists.
  linuxX64  nowhere: 5001 ms, KafkaAdminException: describeCluster: Failed while waiting for controller: Local: Timed out (-185)

B-34: both arms create, delete and describe topics and describe the cluster as the broker's own tools see them
